-- should return a count of zero
select count(*) from so_users where so_users ==> 'about_me:foo.bar1.com';
 count 
-------
     0
(1 row)

